
> ai-prompt-generator@1.0.0 build
> next build 2

